// Jest Snapshot v1, https://goo.gl/fbAQLP

exports[`Main should snapshot 1`] = `
<div>
  <h2>
    React avan√ßado
  </h2>
</div>
`;
